cargo :    Compiling cfg-if v1.0.4
At line:1 char:1
+ cargo test --workspace 2>&1 | Tee-Object -FilePath "cargo_test_output ...
+ ~~~~~~~~~~~~~~~~~~~~~~~~~~~
    + CategoryInfo          : NotSpecified: (   Compiling cfg-if v1.0.4:String) [], RemoteException
    + FullyQualifiedErrorId : NativeCommandError
 
   Compiling windows-link v0.2.1
   Compiling typenum v1.19.0
   Compiling zeroize v1.8.2
   Compiling subtle v2.6.1
   Compiling serde_core v1.0.228
   Compiling windows-sys v0.61.2
   Compiling generic-array v0.14.7
   Compiling cpufeatures v0.2.17
   Compiling serde v1.0.228
   Compiling getrandom v0.2.17
   Compiling pin-project-lite v0.2.17
   Compiling smallvec v1.15.1
   Compiling crypto-common v0.1.7
   Compiling bytes v1.11.1
   Compiling scopeguard v1.2.0
   Compiling base64ct v1.8.3
   Compiling lock_api v0.4.14
   Compiling const-oid v0.9.6
   Compiling portable-atomic v1.13.1
   Compiling futures-core v0.3.32
   Compiling block-buffer v0.10.4
   Compiling critical-section v1.2.0
   Compiling log v0.4.29
   Compiling once_cell v1.21.4
   Compiling digest v0.10.7
   Compiling block-padding v0.3.3
   Compiling parking_lot_core v0.9.12
   Compiling inout v0.1.4
   Compiling memchr v2.8.0
   Compiling parking_lot v0.12.5
   Compiling cipher v0.4.4
   Compiling futures-sink v0.3.32
   Compiling futures-io v0.3.32
   Compiling slab v0.4.12
   Compiling futures-channel v0.3.32
   Compiling stable_deref_trait v1.2.1
   Compiling futures-task v0.3.32
   Compiling itoa v1.0.18
   Compiling futures-util v0.3.32
   Compiling libc v0.2.185
   Compiling zerofrom v0.1.7
   Compiling fnv v1.0.7
   Compiling yoke v0.8.2
   Compiling getrandom v0.3.4
   Compiling rand_core v0.6.4
   Compiling rand_core v0.9.5
   Compiling zerocopy v0.8.48
   Compiling zerovec v0.11.6
   Compiling equivalent v1.0.2
   Compiling aes v0.8.4
   Compiling sha2 v0.10.9
   Compiling socket2 v0.6.3
   Compiling mio v1.2.0
   Compiling tokio v1.52.1
   Compiling tracing-core v0.1.36
   Compiling ppv-lite86 v0.2.21
   Compiling hmac v0.12.1
   Compiling pem-rfc7468 v0.7.0
   Compiling tracing v0.1.44
   Compiling tinystr v0.8.3
   Compiling litemap v0.8.2
   Compiling writeable v0.6.3
   Compiling zerotrie v0.2.4
   Compiling icu_locale_core v2.1.1
   Compiling potential_utf v0.1.5
   Compiling http v1.4.0
   Compiling hashbrown v0.17.0
   Compiling strsim v0.11.1
   Compiling indexmap v2.14.0
   Compiling icu_provider v2.1.1
   Compiling icu_collections v2.1.1
   Compiling tokio-util v0.7.18
   Compiling pbkdf2 v0.12.2
   Compiling rand_chacha v0.9.0
   Compiling windows-result v0.4.1
   Compiling windows-strings v0.5.1
   Compiling percent-encoding v2.3.2
   Compiling thiserror v2.0.18
   Compiling rand v0.9.4
   Compiling icu_properties_data v2.1.2
   Compiling icu_normalizer_data v2.1.1
   Compiling der v0.7.10
   Compiling salsa20 v0.10.2
   Compiling cbc v0.1.2
   Compiling untrusted v0.9.0
   Compiling darling_core v0.20.11
   Compiling ring v0.17.14
   Compiling spki v0.7.3
   Compiling scrypt v0.11.0
   Compiling icu_normalizer v2.1.1
   Compiling icu_properties v2.1.2
   Compiling rustls-pki-types v1.14.0
   Compiling byteorder v1.5.0
   Compiling const-oid v0.10.2
   Compiling darling_macro v0.20.11
   Compiling pkcs5 v0.7.1
   Compiling form_urlencoded v1.2.2
   Compiling utf8_iter v1.0.4
   Compiling atomic-waker v1.1.2
   Compiling darling v0.20.11
   Compiling pkcs8 v0.10.2
   Compiling rustls-webpki v0.103.12
   Compiling universal-hash v0.5.1
   Compiling hybrid-array v0.4.10
   Compiling idna_adapter v1.2.1
   Compiling idna v1.1.0
   Compiling opaque-debug v0.3.1
   Compiling ipnet v2.12.0
   Compiling windows-core v0.62.2
   Compiling url v2.5.8
   Compiling rustls v0.23.38
   Compiling derive_builder_core v0.20.2
   Compiling windows_x86_64_msvc v0.52.6
   Compiling derive_more v2.1.1
   Compiling h2 v0.4.13
   Compiling http-body v1.0.1
   Compiling pem-rfc7468 v1.0.0
   Compiling fastrand v2.4.1
   Compiling powerfmt v0.2.0
   Compiling httpdate v1.0.3
   Compiling deranged v0.5.8
   Compiling der v0.8.0
   Compiling derive_builder_macro v0.20.2
   Compiling windows-targets v0.52.6
   Compiling anyhow v1.0.102
   Compiling httparse v1.10.1
   Compiling polyval v0.6.2
   Compiling block-buffer v0.11.0
   Compiling crypto-common v0.2.1
   Compiling ff v0.13.1
   Compiling bitflags v2.11.1
   Compiling base64 v0.22.1
   Compiling num-conv v0.1.0
   Compiling time-core v0.1.7
   Compiling tower-service v0.3.3
   Compiling try-lock v0.2.5
   Compiling base16ct v0.2.0
   Compiling want v0.3.1
   Compiling sec1 v0.7.3
   Compiling digest v0.11.0-rc.10
   Compiling n0-error v0.1.3
   Compiling group v0.13.0
   Compiling ghash v0.5.1
   Compiling num-traits v0.2.19
   Compiling windows-sys v0.59.0
   Compiling derive_builder v0.20.2
   Compiling spki v0.8.0
   Compiling getrandom v0.4.2
   Compiling hkdf v0.12.4
   Compiling futures-executor v0.3.32
   Compiling signature v2.2.0
   Compiling crypto-bigint v0.5.5
   Compiling ctr v0.9.2
   Compiling aead v0.5.2
   Compiling windows-threading v0.2.1
   Compiling windows-future v0.3.2
   Compiling aes-gcm v0.10.3
   Compiling futures v0.3.32
   Compiling pkcs8 v0.11.0-rc.11
   Compiling hyper v1.9.0
   Compiling tokio-rustls v0.26.4
   Compiling windows-collections v0.3.2
   Compiling windows-numerics v0.3.1
   Compiling elliptic-curve v0.13.8
   Compiling hash32 v0.2.1
   Compiling spin v0.9.8
   Compiling data-encoding v2.10.0
   Compiling parking v2.2.1
   Compiling tinyvec_macros v0.1.1
   Compiling diatomic-waker v0.2.3
   Compiling spin v0.10.0
   Compiling cordyceps v0.3.4
   Compiling signature v3.0.0-rc.10
   Compiling ed25519 v3.0.0-rc.4
   Compiling futures-buffered v0.2.13
   Compiling hyper-util v0.1.20
   Compiling tinyvec v1.11.0
   Compiling toml_edit v0.25.11+spec-1.1.0
   Compiling futures-lite v2.6.1
   Compiling heapless v0.7.17
   Compiling hax-lib v0.3.5
   Compiling pin-project v1.1.11
   Compiling windows v0.62.2
   Compiling vergen-lib v9.1.0
   Compiling curve25519-dalek v5.0.0-pre.1
   Compiling winapi v0.3.9
   Compiling crossbeam-utils v0.8.21
   Compiling sha2 v0.11.0-rc.2
   Compiling cobs v0.3.0
   Compiling rfc6979 v0.4.0
   Compiling arrayvec v0.7.6
   Compiling ryu v1.0.23
   Compiling tower-layer v0.3.3
   Compiling postcard v1.1.3
   Compiling ecdsa v0.16.9
   Compiling ed25519-dalek v3.0.0-pre.1
   Compiling vergen v9.1.0
   Compiling n0-future v0.3.2
   Compiling vergen-lib v0.1.6
   Compiling noq-udp v0.9.0
   Compiling proc-macro-crate v3.5.0
   Compiling libm v0.2.16
   Compiling primeorder v0.13.6
   Compiling time v0.3.45
   Compiling http-body-util v0.1.3
   Compiling sync_wrapper v1.0.2
   Compiling siphasher v1.0.2
   Compiling thiserror v1.0.69
   Compiling tower v0.5.3
   Compiling fastbloom v0.14.1
   Compiling vergen-gitcl v1.0.8
   Compiling num_enum_derive v0.7.6
   Compiling crossbeam-channel v0.5.15
   Compiling crossbeam-epoch v0.9.18
   Compiling libcrux-secrets v0.0.4
   Compiling chrono v0.4.44
   Compiling uuid v1.23.1
   Compiling webpki-roots v1.0.7
   Compiling windows-registry v0.6.1
   Compiling ssh-encoding v0.2.0
   Compiling rand_chacha v0.3.1
   Compiling lru-slab v0.1.2
   Compiling base32 v0.5.1
   Compiling xml-rs v0.8.28
   Compiling sorted-index-buffer v0.2.1
   Compiling foldhash v0.2.0
   Compiling identity-hash v0.1.0
   Compiling widestring v1.2.1
   Compiling rustc-hash v2.1.2
   Compiling lazy_static v1.5.0
   Compiling iri-string v0.7.12
   Compiling tagptr v0.2.0
   Compiling allocator-api2 v0.2.21
   Compiling mac-addr v0.3.0
   Compiling netdev v0.40.1
   Compiling hashbrown v0.16.1
   Compiling tower-http v0.6.8
   Compiling moka v0.12.15
   Compiling ipconfig v0.3.4
   Compiling xmltree v0.10.3
   Compiling noq-proto v0.16.0
   Compiling ntimestamp v1.0.0
   Compiling rand v0.8.6
   Compiling hyper-rustls v0.27.9
   Compiling iroh-metrics v0.38.3
   Compiling hickory-proto v0.25.2
   Compiling wmi v0.18.4
   Compiling num_enum v0.7.6
   Compiling libcrux-traits v0.0.4
   Compiling iroh-relay v0.97.0
   Compiling curve25519-dalek v4.1.3
   Compiling libcrux-intrinsics v0.0.4
   Compiling n0-watcher v0.6.1
   Compiling iroh-base v0.97.0
   Compiling serde_urlencoded v0.7.1
   Compiling ed25519 v2.2.3
   Compiling attohttpc v0.30.1
   Compiling simple-dns v0.11.2
   Compiling poly1305 v0.8.0
   Compiling blowfish v0.9.1
   Compiling tokio-stream v0.1.18
   Compiling password-hash v0.5.0
   Compiling libcrux-platform v0.0.2
   Compiling chacha20 v0.9.1
   Compiling blake2 v0.10.6
   Compiling simdutf8 v0.1.5
   Compiling arrayref v0.3.9
   Compiling self_cell v1.2.2
   Compiling cpufeatures v0.3.0
   Compiling resolv-conf v0.7.6
   Compiling constant_time_eq v0.4.2
   Compiling blake3 v1.8.4
   Compiling hickory-resolver v0.25.2
   Compiling pkarr v5.0.4
   Compiling tokio-websockets v0.12.3
   Compiling argon2 v0.5.3
   Compiling tls_codec v0.4.2
   Compiling ssh-cipher v0.2.0
   Compiling libcrux-sha3 v0.0.4
   Compiling noq v0.17.0
   Compiling bcrypt-pbkdf v0.10.0
   Compiling strum v0.28.0
   Compiling igd-next v0.16.2
   Compiling netwatch v0.15.0
   Compiling ed25519-dalek v2.2.0
   Compiling reqwest v0.12.28
   Compiling lru v0.16.4
   Compiling p384 v0.13.1
   Compiling p521 v0.13.3
   Compiling p256 v0.13.2
   Compiling num-integer v0.1.46
   Compiling seize v0.5.1
   Compiling winapi-util v0.1.11
   Compiling sha1 v0.10.6
   Compiling serde_bytes v0.11.19
   Compiling utf8parse v0.2.2
   Compiling hex v0.4.3
   Compiling shell-words v1.1.1
   Compiling regex-syntax v0.8.10
   Compiling z32 v1.3.0
   Compiling internal-russh-forked-ssh-key v0.6.11+upstream-0.6.7
   Compiling pageant v0.2.0
   Compiling regex-automata v0.4.14
   Compiling papaya v0.2.4
   Compiling same-file v1.0.6
   Compiling num-bigint v0.4.6
   Compiling nix v0.28.0
   Compiling portmapper v0.15.0
   Compiling libcrux-ml-kem v0.0.4
   Compiling zmij v1.0.21
   Compiling winreg v0.10.1
   Compiling shared_library v0.1.9
   Compiling russh-cryptovec v0.52.0
   Compiling filedescriptor v0.8.3
   Compiling serial2 v0.2.36
   Compiling home v0.5.11
   Compiling backon v1.6.0
   Compiling russh-util v0.52.0
   Compiling generic-array v1.3.5
   Compiling md5 v0.7.0
   Compiling hex-literal v0.4.1
   Compiling bitflags v1.3.2
   Compiling downcast-rs v1.2.1
   Compiling portable-pty v0.9.0
   Compiling russh v0.55.0
   Compiling serde_json v1.0.149
   Compiling walkdir v2.5.0
   Compiling matchers v0.2.0
   Compiling iroh-tickets v0.4.0
   Compiling sharded-slab v0.1.7
   Compiling tempfile v3.27.0
   Compiling iroh v0.97.0
   Compiling tracing-log v0.2.0
   Compiling nu-ansi-term v0.50.3
   Compiling thread_local v1.1.9
   Compiling tracing-subscriber v0.3.23
   Compiling encode_unicode v1.0.0
   Compiling anstyle v1.0.14
   Compiling once_cell_polyfill v1.70.2
   Compiling anstyle-wincon v3.0.11
   Compiling anstyle-parse v1.0.0
   Compiling anstyle-query v1.1.5
   Compiling colorchoice v1.0.5
   Compiling is_terminal_polyfill v1.70.2
   Compiling unicode-width v0.2.2
   Compiling anstream v1.0.0
   Compiling vte v0.11.1
   Compiling clap_lex v1.1.0
   Compiling option-ext v0.2.0
   Compiling unicode-width v0.1.14
   Compiling dirs-sys v0.5.0
   Compiling clap_builder v4.6.0
   Compiling vt100 v0.15.2
   Compiling console v0.16.3
   Compiling console v0.15.11
   Compiling number_prefix v0.4.0
   Compiling indicatif v0.17.11
   Compiling dialoguer v0.12.0
   Compiling clap v4.6.1
   Compiling dirs v6.0.0
   Compiling irosh v0.2.0 (C:\Users\Anonymous\Projects\irosh)
   Compiling irosh-cli v0.2.0 (C:\Users\Anonymous\Projects\irosh\cli)
    Finished `test` profile [unoptimized + debuginfo] target(s) in 7m 06s
     Running unittests src\lib.rs (target\debug\deps\irosh-46a21212df9fe2ff.exe)

running 41 tests
test auth::tests::credentials_construction ... ok
test auth::tests::key_only_accept_all_accepts_any_key ... ok
test client::tests::auth::connect_stream_fails_on_server_key_mismatch ... ok
test client::tests::auth::publickey_auth_round_trip_succeeds_over_duplex_stream ... ok
test client::tests::options::classify_connect_error_maps_security_failures_to_terminal_states ... ok
test client::tests::options::client_options_builder_retains_state_security_and_secret ... ok
test client::tests::options::parse_target_resolves_saved_peer_alias ... ok
test client::tests::options::pty_options_builder_retains_term_size_and_modes ... ok
test client::tests::options::public_config_and_ticket_types_support_value_comparison ... ok
test client::tests::options::public_runtime_types_implement_debug ... ok
test client::tests::options::test_session_send_sync ... ok
test client::tests::options::ticket_supports_try_from_str_and_string ... ok
test client::tests::auth::publickey_auth_is_rejected_for_untrusted_client_key ... ok
test client::tests::session::session_state_transitions_from_authenticated_to_shell_ready_to_closed ... ok
test diagnostic::tests::test_nat_description_logic ... ok
test server::tests::server_options_builder_retains_state_security_secret_and_keys ... ok
test auth::tests::combined_auth_supports_both_methods ... ok
test server::tests::test_server_send_sync ... ok
test transport::metadata::tests::metadata_rejects_invalid_magic ... ok
test transport::metadata::tests::metadata_rejects_oversized_payload ... ok
test transport::metadata::tests::metadata_rejects_unexpected_frame_kind ... ok
test transport::metadata::tests::metadata_request_response_round_trip_succeeds ... ok
test transport::metadata::tests::metadata_round_trip_succeeds ... ok
test transport::stream::tests::test_irohduplex_send_sync ... ok
test transport::transfer::helpers::tests::test_sanitize_remote_path ... ok
test transport::transfer::tests::cwd_request_response_round_trip_succeeds ... ok
test transport::transfer::tests::exists_request_response_round_trip_succeeds ... ok
test transport::transfer::tests::get_ready_chunk_complete_round_trip_succeeds ... ok
test transport::transfer::tests::get_request_round_trip_succeeds ... ok
test transport::transfer::tests::put_ready_chunk_complete_round_trip_succeeds ... ok
test transport::transfer::tests::put_request_round_trip_succeeds ... ok
test transport::transfer::tests::read_next_frame_decodes_chunk_and_error_frames ... ok
test transport::transfer::tests::recursive_entry_frames_round_trip_succeeds ... ok
test transport::transfer::tests::transfer_error_round_trip_succeeds ... ok
test transport::transfer::tests::transfer_rejects_invalid_magic ... ok
test transport::transfer::tests::transfer_rejects_oversized_chunk_payload ... ok
test transport::transfer::tests::transfer_rejects_oversized_control_payload ... ok
test transport::transfer::tests::transfer_rejects_unexpected_kind ... ok
test auth::tests::password_auth_validates_correct_password ... ok
test server::tests::shutdown_handle_stops_run_loop_cleanly ... ok
test client::tests::session::exec_emits_stdout_and_close_events has been running for over 60 seconds
